gcc -g p1original.c
 ./a.out
Enter 2 numbers : 
12
23
sum of numbers 12 and 23 = 35 
 gdb a.out
GNU gdb (Ubuntu 8.1.1-0ubuntu1) 8.1.1
Copyright (C) 2018 Free Software Foundation, Inc.
License GPLv3+: GNU GPL version 3 or later <http://gnu.org/licenses/gpl.html>
This is free software: you are free to change and redistribute it.
There is NO WARRANTY, to the extent permitted by law.  Type "show copying"
and "show warranty" for details.
This GDB was configured as "x86_64-linux-gnu".
Type "show configuration" for configuration details.
For bug reporting instructions, please see:
<http://www.gnu.org/software/gdb/bugs/>.
Find the GDB manual and other documentation resources online at:
<http://www.gnu.org/software/gdb/documentation/>.
For help, type "help".
Type "apropos word" to search for commands related to "word"...
Reading symbols from a.out...done.
(gdb) b main
Breakpoint 1 at 0x772: file p1original.c, line 2.
(gdb) r
Starting program: /home/runner/pps-test1-saad-7223/a.out 
warning: Error disabling address space randomization: Operation not permitted

Breakpoint 1, main () at p1original.c:2
2   int main(){
(gdb) n
4       printf("Enter 2 numbers : \n");
(gdb) n
Enter 2 numbers : 
5       scanf("%d%d",&a,&b);
(gdb) n
n
6       sum = a+b;
(gdb) n
7       printf("sum of numbers %d and %d = %d",a,b,sum);
(gdb) n
8       return 0;
(gdb) 